// Jest Snapshot v1, https://goo.gl/fbAQLP

exports[`<FilterForm /> matches the snapshot 1`] = `<FilterForm />`;
